nohup: ignoring input
generating 100 summaries with model 'gemma' (workers=1) ...
  [1/100] va-001: 32.77s, 2438 tokens, JSON ok
  [2/100] va-002: 25.36s, 1889 tokens, JSON ok
  [3/100] va-003: 49.44s, 3625 tokens, JSON ok
  [4/100] va-004: 22.45s, 1673 tokens, JSON ok
  [5/100] va-005: 53.84s, 3905 tokens, JSON ok
  [6/100] va-006: 20.87s, 1554 tokens, JSON ok
  [7/100] va-007: 33.14s, 2446 tokens, JSON ok
  [8/100] va-008: 26.75s, 1993 tokens, JSON ok
  [9/100] va-009: 26.89s, 2003 tokens, JSON ok
  [10/100] va-010: 81.98s, 6000 tokens, FAILED: Unterminated string starting at: line 56 column 18 (char 988)
  [11/100] va-011: 22.63s, 1688 tokens, JSON ok
  [12/100] va-012: 27.55s, 2037 tokens, JSON ok
  [13/100] va-013: 47.7s, 3467 tokens, JSON ok
  [14/100] va-014: 35.3s, 2625 tokens, JSON ok
  [15/100] va-015: 26.04s, 1941 tokens, JSON ok
  [16/100] va-016: 24.22s, 1806 tokens, JSON ok
  [17/100] va-017: 35.77s, 2624 tokens, JSON ok
  [18/100] va-018: 25.55s, 1910 tokens, JSON ok
  [19/100] va-019: 21.61s, 1618 tokens, JSON ok
  [20/100] va-020: 28.39s, 2123 tokens, JSON ok
  [21/100] va-021: 23.38s, 1750 tokens, JSON ok
  [22/100] va-022: 46.93s, 3486 tokens, JSON ok
  [23/100] va-023: 41.78s, 3055 tokens, JSON ok
  [24/100] va-024: 27.53s, 2057 tokens, JSON ok
  [25/100] va-025: 29.93s, 2198 tokens, JSON ok
  [26/100] va-026: 33.43s, 2495 tokens, JSON ok
  [27/100] va-027: 25.19s, 1883 tokens, JSON ok
  [28/100] va-028: 6.98s, 523 tokens, JSON ok
  [29/100] va-029: 7.31s, 548 tokens, JSON ok
  [30/100] va-030: 4.95s, 370 tokens, JSON ok
  [31/100] va-031: 22.17s, 1659 tokens, JSON ok
  [32/100] va-032: 33.29s, 2441 tokens, JSON ok
  [33/100] va-033: 26.86s, 2008 tokens, JSON ok
  [34/100] va-034: 35.81s, 2650 tokens, JSON ok
  [35/100] va-035: 22.61s, 1692 tokens, JSON ok
  [36/100] va-036: 27.86s, 2083 tokens, JSON ok
  [37/100] va-037: 21.08s, 1578 tokens, JSON ok
  [38/100] va-038: 28.08s, 2099 tokens, JSON ok
  [39/100] va-039: 56.0s, 4060 tokens, JSON ok
  [40/100] va-040: 81.68s, 6000 tokens, FAILED: Unterminated string starting at: line 45 column 18 (char 1014)
  [41/100] va-041: 26.06s, 1941 tokens, JSON ok
  [42/100] va-042: 22.45s, 1674 tokens, JSON ok
  [43/100] va-043: 17.96s, 1340 tokens, JSON ok
  [44/100] va-044: 42.7s, 3130 tokens, JSON ok
  [45/100] va-045: 38.02s, 2798 tokens, JSON ok
  [46/100] va-046: 36.27s, 2670 tokens, JSON ok
  [47/100] va-047: 29.02s, 2143 tokens, JSON ok
  [48/100] va-048: 4.87s, 362 tokens, JSON ok
  [49/100] va-049: 36.16s, 2662 tokens, JSON ok
  [50/100] va-050: 31.37s, 2311 tokens, JSON ok
  [51/100] va-051: 44.96s, 3294 tokens, JSON ok
  [52/100] va-052: 31.99s, 2360 tokens, JSON ok
  [53/100] va-053: 34.71s, 2559 tokens, JSON ok
  [54/100] va-054: 5.06s, 376 tokens, JSON ok
  [55/100] va-055: 49.47s, 3628 tokens, JSON ok
  [56/100] va-056: 42.78s, 3076 tokens, JSON ok
  [57/100] va-057: 33.66s, 2457 tokens, JSON ok
  [58/100] va-058: 35.95s, 2650 tokens, JSON ok
  [59/100] va-059: 47.33s, 3471 tokens, JSON ok
  [60/100] va-060: 52.23s, 3826 tokens, JSON ok
  [61/100] va-061: 37.18s, 2735 tokens, JSON ok
  [62/100] va-062: 43.48s, 3195 tokens, JSON ok
  [63/100] va-063: 30.85s, 2277 tokens, JSON ok
  [64/100] va-064: 52.62s, 3775 tokens, JSON ok
  [65/100] va-065: 40.56s, 2977 tokens, JSON ok
  [66/100] va-066: 5.41s, 403 tokens, JSON ok
  [67/100] va-067: 48.76s, 3500 tokens, JSON ok
  [68/100] va-068: 44.55s, 3237 tokens, JSON ok
  [69/100] va-069: 31.1s, 2295 tokens, JSON ok
  [70/100] va-070: 42.3s, 3113 tokens, JSON ok
  [71/100] va-071: 26.7s, 1971 tokens, JSON ok
  [72/100] va-072: 35.26s, 2583 tokens, JSON ok
  [73/100] va-073: 39.06s, 2886 tokens, JSON ok
  [74/100] va-074: 5.06s, 378 tokens, JSON ok
  [75/100] va-075: 69.9s, 4993 tokens, JSON ok
  [76/100] va-076: 33.46s, 2473 tokens, JSON ok
  [77/100] va-077: 21.57s, 1602 tokens, JSON ok
  [78/100] va-078: 34.71s, 2542 tokens, JSON ok
  [79/100] va-079: 33.68s, 2493 tokens, JSON ok
  [80/100] va-080: 38.13s, 2761 tokens, JSON ok
  [81/100] va-081: 4.77s, 357 tokens, JSON ok
  [82/100] va-082: 33.86s, 2503 tokens, JSON ok
  [83/100] va-083: 32.17s, 2379 tokens, JSON ok
  [84/100] va-084: 48.02s, 3532 tokens, JSON ok
  [85/100] va-085: 34.68s, 2543 tokens, JSON ok
  [86/100] va-086: 42.55s, 3078 tokens, JSON ok
  [87/100] va-087: 32.76s, 2426 tokens, JSON ok
  [88/100] va-088: 35.34s, 2589 tokens, JSON ok
  [89/100] va-089: 41.71s, 3024 tokens, JSON ok
  [90/100] va-090: 5.1s, 379 tokens, JSON ok
  [91/100] va-091: 35.53s, 2589 tokens, JSON ok
  [92/100] va-092: 29.6s, 2167 tokens, JSON ok
  [93/100] va-093: 37.32s, 2730 tokens, JSON ok
  [94/100] va-094: 54.44s, 3968 tokens, JSON ok
  [95/100] va-095: 38.19s, 2792 tokens, JSON ok
  [96/100] va-096: 42.07s, 3074 tokens, JSON ok
  [97/100] va-097: 44.83s, 3238 tokens, JSON ok
  [98/100] va-098: 34.55s, 2463 tokens, JSON ok
  [99/100] va-099: 37.45s, 2725 tokens, JSON ok
  [100/100] va-100: 44.53s, 3174 tokens, JSON ok
  98/100 parsed as JSON -> /workspace/pipeline/pipeline/outputs/base/generations.jsonl
